// Jest Snapshot v1, https://goo.gl/fbAQLP

exports[`ThemeProvider renders correctly with theme name 1`] = `
<div
  className="test-theme-name"
/>
`;
